../Core/Src/main.c:86:6:PCA9685_SetBit	40	static
../Core/Src/main.c:97:6:PCA9685_SetPWMFrequency	40	static
../Core/Src/main.c:111:6:PCA9685_Init	16	static
../Core/Src/main.c:117:6:PCA9685_SetPWM	40	static
../Core/Src/main.c:130:6:PCA9685_SetServoAngle	24	static
../Core/Src/main.c:138:6:I2C_Scan	64	static
../Core/Src/main.c:153:5:main	120	static
../Core/Src/main.c:226:6:HAL_UART_RxCpltCallback	64	static
../Core/Src/main.c:278:6:SystemClock_Config	88	static
../Core/Src/main.c:325:13:MX_ADC3_Init	24	static
../Core/Src/main.c:377:13:MX_DAC_Init	16	static
../Core/Src/main.c:417:13:MX_I2C1_Init	8	static
../Core/Src/main.c:451:13:MX_TIM2_Init	64	static
../Core/Src/main.c:510:13:MX_USART2_UART_Init	8	static
../Core/Src/main.c:543:13:MX_USART3_UART_Init	8	static
../Core/Src/main.c:576:13:MX_USB_OTG_FS_PCD_Init	8	static
../Core/Src/main.c:611:13:MX_GPIO_Init	56	static
../Core/Src/main.c:685:6:print_msg	16	static
../Core/Src/main.c:694:6:Error_Handler	4	static,ignoring_inline_asm
