../Core/Src/main.c:82:6:PCA9685_SetBit	40	static
../Core/Src/main.c:93:6:PCA9685_SetPWMFrequency	40	static
../Core/Src/main.c:107:6:PCA9685_Init	16	static
../Core/Src/main.c:113:6:PCA9685_SetPWM	40	static
../Core/Src/main.c:126:6:PCA9685_SetServoAngle	24	static
../Core/Src/main.c:134:6:I2C_Scan	64	static
../Core/Src/main.c:149:5:main	120	static
../Core/Src/main.c:224:6:HAL_UART_RxCpltCallback__ll	16	static
../Core/Src/main.c:252:6:HAL_UART_RxCpltCallback	16	static
../Core/Src/main.c:275:6:SystemClock_Config	88	static
../Core/Src/main.c:322:13:MX_ADC3_Init	24	static
../Core/Src/main.c:374:13:MX_DAC_Init	16	static
../Core/Src/main.c:414:13:MX_I2C1_Init	8	static
../Core/Src/main.c:448:13:MX_TIM2_Init	64	static
../Core/Src/main.c:507:13:MX_USART2_UART_Init	8	static
../Core/Src/main.c:540:13:MX_USART3_UART_Init	8	static
../Core/Src/main.c:573:13:MX_USB_OTG_FS_PCD_Init	8	static
../Core/Src/main.c:608:13:MX_GPIO_Init	56	static
../Core/Src/main.c:682:6:print_msg	16	static
../Core/Src/main.c:691:6:Error_Handler	4	static,ignoring_inline_asm
